LTspice 26.0.1 for Windows
Circuit: C:\Users\iandc\Documents\PlatformIO\Projects\EPD_Hub_ESP32\de-link_pcb\simulations\led_driver\LED_circuit.net
Start Time: Tue Jul 21 22:06:09 2026
Options:reltol=0.005 abstol=1e-9 vntol=1e-6 gmin=1e-11 itl4=200
solver = Normal
Maximum thread count: 24
tnom = 27
temp = 27
method = trap
gmin = 1e-11
abstol = 1e-09
reltol = 0.005
WARNING: Node n005 is floating.

Direct Newton iteration succeeded in finding operating point.

Simulation stopped by user.
Total elapsed time: 29.291 seconds.

Files loaded:
C:\Users\iandc\Documents\PlatformIO\Projects\EPD_Hub_ESP32\de-link_pcb\simulations\led_driver\LED_circuit.net
C:\Users\iandc\AppData\Local\LTspice\lib\cmp\standard.dio
C:\Users\iandc\AppData\Local\LTspice\lib\cmp\standard.bjt
C:\Users\iandc\AppData\Local\LTspice\lib\cmp\standard.mos
C:\Users\iandc\AppData\Local\LTspice\lib\sub\LT1615.sub

